Input: "Movie 300 split 2 with Alex"
Result: {
  "amount": 300,
  "description": "Movie",
  "category": "Entertainment",
  "splitCount": 2,
  "amountPerPerson": 150,
  "friendNames": [
    "Alex"
  ]
}
-------------------
Input: "Dinner 600 split with Sam and Ram"
Result: {
  "amount": 600,
  "description": "Dinner",
  "category": "Food",
  "splitCount": 2,
  "amountPerPerson": 300,
  "friendNames": [
    "Sam"
  ]
}
-------------------
Input: "Lunch 150 split between me and John"
Result: {
  "amount": 150,
  "description": "Lunch",
  "category": "Food",
  "splitCount": 2,
  "amountPerPerson": 75,
  "friendNames": [
    "John"
  ]
}
-------------------
Input: "Coffee 50 split 2 with Sarah"
Result: {
  "amount": 50,
  "description": "Coffee",
  "category": "Other",
  "splitCount": 2,
  "amountPerPerson": 25,
  "friendNames": [
    "Sarah"
  ]
}
-------------------
Input: "Pizza 1000 split among brothers"
Result: {
  "amount": 1000,
  "description": "Pizza",
  "category": "Other",
  "splitCount": 2,
  "amountPerPerson": 500,
  "friendNames": [
    "brothers"
  ]
}
-------------------
